// Jest Snapshot v1, https://goo.gl/fbAQLP

exports[`JobsList smoke and snapshot should match the snapshot 1`] = `<DocumentFragment />`;
