// Jest Snapshot v1, https://goo.gl/fbAQLP

exports[`NotFound smoke and snapshot should match the snapshot 1`] = `
<DocumentFragment>
  <div
    data-testid="Not-found"
  >
    <h1>
      404: Not Found
    </h1>
  </div>
</DocumentFragment>
`;
